// Jest Snapshot v1, https://goo.gl/fbAQLP

exports[`RootLayout It should match its snapshot 1`] = `
<h1>
  Delete Form
</h1>
`;
