// Jest Snapshot v1, https://goo.gl/fbAQLP

exports[`To test Signup component It should match the related snapshot 1`] = `
<form
  className=""
  id="form"
  onSubmit={[Function]}
>
  <div
    className="mb-3"
  >
    <label
      className="form-label"
    >
      Name
    </label>
    <input
      className="form-control"
      name="name"
      required={true}
      type="text"
    />
  </div>
  <div
    className="mb-3"
  >
    <label
      className="form-label"
    >
      Email
    </label>
    <input
      className="form-control"
      name="email"
      required={true}
      type="email"
    />
  </div>
  <div
    className="mb-3"
  >
    <label
      className="form-label"
    >
      Password (It should have at least 1 capital letter, 1 symbol, and 1 number)
    </label>
    <input
      className="form-control"
      name="password"
      pattern="^(?=.*\\\\d)(?=.*[a-z])(?=.*[A-Z])(?=.*[a-zA-Z]).{8,}$"
      required={true}
      type="password"
    />
  </div>
  <div
    className="mb-3"
  >
    <label
      className="form-label"
    >
      Confirm Password
    </label>
    <input
      className="form-control"
      name="passwordConf"
      required={true}
      type="password"
    />
  </div>
  <button
    className="btn btn-primary"
    disabled={false}
    type="submit"
  >
    Sign up
  </button>
</form>
`;
